[demo.goodlayers.com/hotale/resort2/index.html]
[backblue.gif]
[fade.gif]
[index.html]
[a6e8z9v6.stackpathcdn.com/hotale/resort2/wp-content/cache/min/6/41c7c2b54ab381e839a88e74cf1527df.css]
[a6e8z9v6.stackpathcdn.com/hotale/resort2/wp-content/plugins/woocommerce/assets/css/woocommerce-smallscreen56be.css]
[a6e8z9v6.stackpathcdn.com/hotale/resort2/wp-includes/js/jquery/jquery.mina767.js]
[demo.goodlayers.com/hotale/resort2/feed/index.html]
[demo.goodlayers.com/hotale/resort2/comments/feed/index.html]
[demo.goodlayers.com/hotale/resort2/wp-json/wp/v2/pages/15240.json]
[demo.goodlayers.com/hotale/resort2/xmlrpc0db0.php]
[demo.goodlayers.com/hotale/resort2/wp-json/index.html]
[demo.goodlayers.com/hotale/resort2/wp-json/oembed/1.0/embed440d.json]
[demo.goodlayers.com/hotale/resort2/wp-json/oembed/1.0/embedbb5b]
[a6e8z9v6.stackpathcdn.com/hotale/resort2/wp-content/uploads/sites/6/2022/05/resort2-logox1.png]
[a6e8z9v6.stackpathcdn.com/hotale/resort2/wp-content/uploads/sites/6/2022/05/resort2-logox2.png]
[demo.goodlayers.com/hotale/resort2/register/index.html]
[demo.goodlayers.com/hotale/resort2/about-us/index.html]
[demo.goodlayers.com/hotale/resort2/login/index.html]
[demo.goodlayers.com/hotale/resort2/404]
[demo.goodlayers.com/hotale/resort2/about-us-2/index.html]
[demo.goodlayers.com/hotale/resort2/our-team/index.html]
[demo.goodlayers.com/hotale/resort2/my-account/lost-password/index1ee4.html]
[demo.goodlayers.com/hotale/resort2/about-us-3/index.html]
[demo.goodlayers.com/hotale/resort2/hotel-review/index.html]
[demo.goodlayers.com/hotale/resort2/team-frame-style/index.html]
[a6e8z9v6.stackpathcdn.com/hotale/resort2/wp-content/uploads/sites/6/2022/01/valeriia-bugaiova-_pPHgeHz1uk-unsplash.jpg]
[demo.goodlayers.com/hotale/resort2/team-thumbnail-style/index.html]
[demo.goodlayers.com/hotale/resort2/team-plain-style/index.html]
[demo.goodlayers.com/hotale/resort2/accordions-toggles/index.html]
[demo.goodlayers.com/hotale/resort2/alert-box/index.html]
[demo.goodlayers.com/hotale/resort2/blockquotes/index.html]
[demo.goodlayers.com/hotale/resort2/buttons/index.html]
[a6e8z9v6.stackpathcdn.com/hotale/resort2/wp-content/uploads/sites/6/2022/01/resort-play-icon.d.delayed]
[demo.goodlayers.com/hotale/resort2/call-to-action/index.html]
[a6e8z9v6.stackpathcdn.com/hotale/resort2/wp-content/uploads/sites/6/2021/12/left-img.jpg]
[demo.goodlayers.com/hotale/resort2/column-services/index.html]
[demo.goodlayers.com/hotale/resort2/columns/index.html]
[demo.goodlayers.com/hotale/resort2/count-down/index.html]
[a6e8z9v6.stackpathcdn.com/hotale/resort2/wp-content/uploads/sites/6/2021/12/img-left.jpg]
[demo.goodlayers.com/hotale/resort2/counters/index.html]
[a6e8z9v6.stackpathcdn.com/hotale/resort2/wp-content/uploads/sites/6/2022/01/resort-exclusive-bg.png]
[a6e8z9v6.stackpathcdn.com/hotale/resort2/wp-content/uploads/sites/6/2022/01/edelle-bruton-PJNO2sLlbB8-unsplash.jpg]
[a6e8z9v6.stackpathcdn.com/hotale/resort2/wp-content/uploads/sites/6/2022/01/ryan-spencer-WJDR8_QxVR8-unsplash.jpg]
[demo.goodlayers.com/hotale/resort2/dividers/index.html]
[a6e8z9v6.stackpathcdn.com/hotale/resort2/wp-content/uploads/sites/6/2021/12/maiami.jpg]
[a6e8z9v6.stackpathcdn.com/hotale/resort2/wp-content/uploads/sites/6/2021/12/bracelona.jpg]
[a6e8z9v6.stackpathcdn.com/hotale/resort2/wp-content/uploads/sites/6/2022/01/resort-room-bg.png]
[demo.goodlayers.com/hotale/resort2/dropcaps/index.html]
[a6e8z9v6.stackpathcdn.com/hotale/resort2/wp-content/uploads/sites/6/2022/01/resort-icon-1.png]
[demo.goodlayers.com/hotale/resort2/featured-boxes/index.html]
[a6e8z9v6.stackpathcdn.com/hotale/resort2/wp-content/uploads/sites/6/2022/01/resort-icon-2.png]
[demo.goodlayers.com/hotale/resort2/flip-boxes/index.html]
[a6e8z9v6.stackpathcdn.com/hotale/resort2/wp-content/uploads/sites/6/2022/01/resort-icon-3.png]
[demo.goodlayers.com/hotale/resort2/icon-list/index.html]
[demo.goodlayers.com/hotale/resort2/icons/index.html]
[a6e8z9v6.stackpathcdn.com/hotale/resort2/wp-content/uploads/sites/6/2022/01/resort-icon-4.png]
[demo.goodlayers.com/hotale/resort2/images/index.html]
[a6e8z9v6.stackpathcdn.com/hotale/resort2/wp-content/uploads/sites/6/2022/01/resort-icon-5.png]
[demo.goodlayers.com/hotale/resort2/price-table/index.html]
[demo.goodlayers.com/hotale/resort2/promo-boxes/index.html]
[a6e8z9v6.stackpathcdn.com/hotale/resort2/wp-content/uploads/sites/6/2022/01/resort-icon-6.png]
[demo.goodlayers.com/hotale/resort2/skill-bar/index.html]
[demo.goodlayers.com/hotale/resort2/shape-divider/index.html]
[a6e8z9v6.stackpathcdn.com/hotale/resort2/wp-content/uploads/sites/6/2022/01/andrew-neel-T0eb55DxDN4-unsplash-1000x670.jpg]
[demo.goodlayers.com/hotale/resort2/social-shares/index.html]
[demo.goodlayers.com/hotale/resort2/stunning-texts/index.html]
[demo.goodlayers.com/hotale/resort2/tabs-horizontal/index.html]
[demo.goodlayers.com/hotale/resort2/skill-circle/index.html]
[a6e8z9v6.stackpathcdn.com/hotale/resort2/wp-content/uploads/sites/6/2020/10/shop-slo-vhztm9QC0L0-unsplash-1000x670.jpg]
[demo.goodlayers.com/hotale/resort2/testimonial/index.html]
[demo.goodlayers.com/hotale/resort2/tabs-vertical/index.html]
[demo.goodlayers.com/hotale/resort2/typography/index.html]
[demo.goodlayers.com/hotale/resort2/faq/index.html]
[demo.goodlayers.com/hotale/resort2/maintenance/index.html]
[demo.goodlayers.com/hotale/resort2/gallery/index.html]
[a6e8z9v6.stackpathcdn.com/hotale/resort2/wp-content/uploads/sites/6/2020/10/roberto-nickson-emqnSQwQQDo-unsplash-scaled-1000x670.jpg]
[demo.goodlayers.com/hotale/resort2/coming-soon/index.html]
[demo.goodlayers.com/hotale/resort2/room-grid-style-1/index.html]
[a6e8z9v6.stackpathcdn.com/hotale/resort2/wp-content/uploads/sites/6/2020/10/shutterstock_560973166-1000x670.jpg]
[demo.goodlayers.com/hotale/resort2/room-grid-style-2/index.html]
[a6e8z9v6.stackpathcdn.com/hotale/resort2/wp-content/uploads/sites/6/2020/10/andrea-davis-1uNh3B3ppl4-unsplash-1000x670.jpg]
[demo.goodlayers.com/hotale/resort2/room-grid-style-3/index.html]
[a6e8z9v6.stackpathcdn.com/hotale/resort2/wp-content/uploads/sites/6/2022/02/collov-home-design-LSpkE5OCD_8-unsplash-1000x670.jpg]
[demo.goodlayers.com/hotale/resort2/room-grid-style-4/index.html]
[a6e8z9v6.stackpathcdn.com/hotale/resort2/wp-content/uploads/sites/6/2022/01/andrew-neel-T0eb55DxDN4-unsplash-1280x580.jpg]
[demo.goodlayers.com/hotale/resort2/room-modern-style/index.html]
[demo.goodlayers.com/hotale/resort2/room-side-thumbnail/index.html]
[a6e8z9v6.stackpathcdn.com/hotale/resort2/wp-content/uploads/sites/6/2020/10/shop-slo-vhztm9QC0L0-unsplash-1280x580.jpg]
[a6e8z9v6.stackpathcdn.com/hotale/resort2/wp-content/uploads/sites/6/2020/10/roberto-nickson-emqnSQwQQDo-unsplash-scaled-1280x580.jpg]
[a6e8z9v6.stackpathcdn.com/hotale/resort2/wp-content/uploads/sites/6/2020/10/shutterstock_560973166-1280x580.jpg]
[a6e8z9v6.stackpathcdn.com/hotale/resort2/wp-content/uploads/sites/6/2021/12/logo1.png]
[a6e8z9v6.stackpathcdn.com/hotale/resort2/wp-content/uploads/sites/6/2021/12/logo2.png]
[a6e8z9v6.stackpathcdn.com/hotale/resort2/wp-content/uploads/sites/6/2021/12/logo3.png]
[a6e8z9v6.stackpathcdn.com/hotale/resort2/wp-content/uploads/sites/6/2021/12/logo4.png]
[a6e8z9v6.stackpathcdn.com/hotale/resort2/wp-content/uploads/sites/6/2021/12/logo5.png]
[demo.goodlayers.com/hotale/resort2/room-search/indexae75.html]
[demo.goodlayers.com/hotale/resort2/blog-full-right-sidebar/index.html]
[a6e8z9v6.stackpathcdn.com/hotale/resort2/wp-content/uploads/sites/6/2021/12/logo6.png]
[a6e8z9v6.stackpathcdn.com/hotale/resort2/wp-content/uploads/sites/6/2022/01/resort-testimonial-bg-1.png]
[demo.goodlayers.com/hotale/resort2/blog-3-columns-with-frame/index.html]
[a6e8z9v6.stackpathcdn.com/hotale/resort2/wp-content/uploads/sites/6/2021/12/name1.jpg]
[a6e8z9v6.stackpathcdn.com/hotale/resort2/wp-content/uploads/sites/6/2021/12/name7.jpg]
[demo.goodlayers.com/hotale/resort2/blog-2-columns/index.html]
[a6e8z9v6.stackpathcdn.com/hotale/resort2/wp-content/uploads/sites/6/2021/12/name2-300x300.jpg]
[a6e8z9v6.stackpathcdn.com/hotale/resort2/wp-content/uploads/sites/6/2021/12/name5.jpg]
[demo.goodlayers.com/hotale/resort2/blog-2-columns-with-frame/index.html]
[a6e8z9v6.stackpathcdn.com/hotale/resort2/wp-content/uploads/sites/6/2021/12/name6.jpg]
[demo.goodlayers.com/hotale/resort2/blog-3-columns/index.html]
[a6e8z9v6.stackpathcdn.com/hotale/resort2/wp-content/uploads/sites/6/2020/10/kelsey-roenau-608583-unsplash-700x450.jpg]
[demo.goodlayers.com/hotale/resort2/blog-3-columns-with-frame-post-format/index.html]
[demo.goodlayers.com/hotale/resort2/blog-4-columns/index.html]
[a6e8z9v6.stackpathcdn.com/hotale/resort2/wp-content/uploads/sites/6/2020/10/aaron-huber-401200-unsplash-700x450.jpg]
[demo.goodlayers.com/hotale/resort2/blog-4-columns-with-frame/index.html]
[a6e8z9v6.stackpathcdn.com/hotale/resort2/wp-content/uploads/sites/6/2020/10/roan-lavery-sEcYfPfKOhw-unsplash-700x450.jpg]
[demo.goodlayers.com/hotale/resort2/blog-full-right-sidebar-with-frame/index.html]
[demo.goodlayers.com/hotale/resort2/blog-full-left-sidebar/index.html]
[a6e8z9v6.stackpathcdn.com/hotale/resort2/wp-content/uploads/sites/6/2021/12/pexels-photo-25284-700x450.jpg]
[a6e8z9v6.stackpathcdn.com/hotale/resort2/wp-content/uploads/sites/6/2020/10/shutterstock_560973166-700x450.jpg]
[demo.goodlayers.com/hotale/resort2/blog-full-left-sidebar-with-frame/index.html]
[a6e8z9v6.stackpathcdn.com/hotale/resort2/wp-content/uploads/sites/6/2021/12/pascal-diekmann-707233-unsplash-700x450.jpg]
[demo.goodlayers.com/hotale/resort2/blog-full-both-sidebar-with-frame/index.html]
[demo.goodlayers.com/hotale/resort2/blog-full-both-sidebar/index.html]
[a6e8z9v6.stackpathcdn.com/hotale/resort2/wp-content/uploads/sites/6/2021/12/pexels-photo-871053-700x450.jpg]
[demo.goodlayers.com/hotale/resort2/blog-grid-2-columns/index.html]
[demo.goodlayers.com/hotale/resort2/blog-grid-2-columns-no-space/index.html]
[a6e8z9v6.stackpathcdn.com/hotale/resort2/wp-content/uploads/sites/6/2020/10/shutterstock_307470824-700x450.jpg]
[demo.goodlayers.com/hotale/resort2/blog-grid-3-columns/index.html]
[demo.goodlayers.com/hotale/resort2/blog-grid-3-columns-no-space/index.html]
[demo.goodlayers.com/hotale/resort2/blog-grid-4-columns/index.html]
[demo.goodlayers.com/hotale/resort2/blog-grid-4-columns-no-space/index.html]
[a6e8z9v6.stackpathcdn.com/hotale/resort2/wp-content/uploads/sites/6/2020/10/shop-slo-vhztm9QC0L0-unsplash-700x450.jpg]
[demo.goodlayers.com/hotale/resort2/cities-to-visit-for-your-first-time-in-europe/index.html]
[demo.goodlayers.com/hotale/resort2/audio-post-format/index.html]
[demo.goodlayers.com/hotale/resort2/video-post-format/index.html]
[a6e8z9v6.stackpathcdn.com/hotale/resort2/wp-content/uploads/sites/6/2022/01/resort-cta-bg.png]
[demo.goodlayers.com/hotale/resort2/quote-post-format/index.html]
[demo.goodlayers.com/hotale/resort2/gallery-post-format/index.html]
[demo.goodlayers.com/hotale/resort2/aside-post-format/index.html]
[demo.goodlayers.com/hotale/resort2/contact/index.html]
[a6e8z9v6.stackpathcdn.com/hotale/resort2/wp-content/uploads/sites/6/2022/01/shutterstock_139392596.jpg]
[demo.goodlayers.com/hotale/resort2/contact-2/index.html]
[demo.goodlayers.com/hotale/resort2/contact-3/index.html]
[a6e8z9v6.stackpathcdn.com/hotale/resort2/wp-content/uploads/sites/6/2022/01/shutterstock_139392596-600x600.jpg]
[a6e8z9v6.stackpathcdn.com/hotale/resort2/wp-content/uploads/sites/6/2021/12/andrii-podilnyk-766487-unsplash-scaled.jpg]
[demo.goodlayers.com/hotale/resort2/payment-summary/indexbaa2.html]
[demo.goodlayers.com/hotale/resort2/index4236.html]
[demo.goodlayers.com/hotale/resort2/index5e60.html]
[demo.goodlayers.com/hotale/resort2/room/luxury-suite/index.html]
[demo.goodlayers.com/hotale/resort2/room/standard-deluxe/index.html]
[demo.goodlayers.com/hotale/resort2/room/the-penthouse/index.html]
[a6e8z9v6.stackpathcdn.com/hotale/resort2/wp-content/uploads/sites/6/2021/12/andrii-podilnyk-766487-unsplash-600x600.jpg]
[demo.goodlayers.com/hotale/resort2/room/grand-suite-room/index.html]
[demo.goodlayers.com/hotale/resort2/room/junior-suite-room/index.html]
[demo.goodlayers.com/hotale/resort2/where-to-travel-in-2022-10-places-you-need-to-go-in-2022/index.html]
[demo.goodlayers.com/hotale/resort2/tips-for-picking-vacation-accommodation/index.html]
[demo.goodlayers.com/hotale/resort2/room/standard-room/index.html]
[demo.goodlayers.com/hotale/resort2/what-to-expect-on-an-african-safari/index.html]
[demo.goodlayers.com/hotale/resort2/my-6-biggest-travel-surprises/index.html]
[a6e8z9v6.stackpathcdn.com/hotale/resort2/wp-content/uploads/sites/6/2022/01/alexandre-chambon-115386-unsplash.jpg]
[demo.goodlayers.com/hotale/resort2/10-tips-for-taking-your-first-solo-trip/index.html]
[demo.goodlayers.com/hotale/resort2/why-i-quit-my-job-to-be-a-less-occasional-traveller-in-2019/index.html]
[demo.goodlayers.com/hotale/resort2/where-to-travel-in-asia-from-january-to-june/index.html]
[a6e8z9v6.stackpathcdn.com/hotale/resort2/wp-content/uploads/sites/6/2022/01/alexandre-chambon-115386-unsplash-600x600.jpg]
[demo.goodlayers.com/hotale/resort2/3-steps-to-discovering-your-lifes-purpose/index.html]
[a6e8z9v6.stackpathcdn.com/hotale/resort2/wp-content/uploads/sites/6/2022/01/shutterstock_513839743.jpg]
[a6e8z9v6.stackpathcdn.com/hotale/resort2/wp-content/uploads/sites/6/2022/01/shutterstock_513839743-600x600.jpg]
[a6e8z9v6.stackpathcdn.com/hotale/resort2/wp-content/uploads/sites/6/2022/05/resort2-logo.png]
[a6e8z9v6.stackpathcdn.com/hotale/resort2/wp-content/uploads/sites/6/2022/05/resort2-footer-bg-1.jpg]
[demo.goodlayers.com/cdn-cgi/scripts/5c5dd728/cloudflare-static/email-decode.min.js]
[a6e8z9v6.stackpathcdn.com/hotale/resort2/wp-content/plugins/wp-google-map-plugin/assets/js/mapsae48.js]
[demo.goodlayers.com/hotale/resort2/index.html]
[demo.goodlayers.com/hotale/resort2/xmlrpc.php]
[a6e8z9v6.stackpathcdn.com/hotale/resort2/wp-content/cache/min/6/f356349a277fb6def6ee26b07908a439.js]
[a6e8z9v6.stackpathcdn.com/hotale/resort2/wp-content/plugins/goodlayers-core/plugins/skin-lightgallery/loading.gif]
[demo.goodlayers.com/hotale/resort2/payment-summary/indexdf30.html]
[demo.goodlayers.com/hotale/resort2/register/indexbcd5.html]
[a6e8z9v6.stackpathcdn.com/hotale/resort2/wp-content/plugins/goodlayers-core/include/images/portfolio/now-loading.gif]
[a6e8z9v6.stackpathcdn.com/hotale/resort2/wp-content/plugins/goodlayers-core/include/images/blog-style/blog-item-gradient.png]
[a6e8z9v6.stackpathcdn.com/hotale/resort2/wp-content/plugins/goodlayers-core/include/images/blog-style/blog-item-gradient2.png]
[a6e8z9v6.stackpathcdn.com/hotale/resort2/wp-content/plugins/goodlayers-core/include/images/post-slider/gradient.png]
[a6e8z9v6.stackpathcdn.com/hotale/resort2/wp-content/plugins/goodlayers-core/include/images/gallery/gallery-shadow.png]
[a6e8z9v6.stackpathcdn.com/hotale/resort2/wp-content/plugins/goodlayers-core/include/images/content-blocked.jpg]
[a6e8z9v6.stackpathcdn.com/hotale/resort2/wp-content/plugins/tourmaster/images/single-tour-top-gradient.png]
[a6e8z9v6.stackpathcdn.com/hotale/resort2/wp-content/plugins/tourmaster/images/single-tour-gradient.png]
[a6e8z9v6.stackpathcdn.com/hotale/resort2/wp-content/plugins/tourmaster/images/payment-step-gradient.png]
[a6e8z9v6.stackpathcdn.com/hotale/resort2/wp-content/plugins/tourmaster/images/payment-step-separator.png]
[a6e8z9v6.stackpathcdn.com/hotale/resort2/wp-content/plugins/tourmaster/images/ribbon-corner-shadow.png]
[a6e8z9v6.stackpathcdn.com/hotale/resort2/wp-content/plugins/tourmaster/images/tour-category-item-gradient.png]
[a6e8z9v6.stackpathcdn.com/hotale/resort2/wp-content/plugins/wp-google-map-plugin/assets/images/nav.png]
[a6e8z9v6.stackpathcdn.com/hotale/resort2/wp-content/plugins/wp-google-map-plugin/assets/images/loader.gif]
[a6e8z9v6.stackpathcdn.com/hotale/resort2/wp-content/plugins/wp-google-map-plugin/assets/images/wpgmp-toggle-sprite.png]
[a6e8z9v6.stackpathcdn.com/hotale/resort2/wp-content/plugins/wp-google-map-plugin/assets/images/white_select_arrow.png]
[a6e8z9v6.stackpathcdn.com/hotale/resort2/wp-content/plugins/wp-google-map-plugin/assets/images/select_arrow.png]
[a6e8z9v6.stackpathcdn.com/hotale/resort2/wp-content/plugins/wp-google-map-plugin/assets/images/cross.png]
[a6e8z9v6.stackpathcdn.com/hotale/resort2/wp-content/plugins/wp-google-map-plugin/assets/images/facebook.png]
[a6e8z9v6.stackpathcdn.com/hotale/resort2/wp-content/plugins/wp-google-map-plugin/assets/images/twitter.png]
[a6e8z9v6.stackpathcdn.com/hotale/resort2/wp-content/plugins/wp-google-map-plugin/assets/images/map.png]
[a6e8z9v6.stackpathcdn.com/hotale/resort2/wp-content/plugins/wp-google-map-plugin/assets/images/location-icon.png]
[a6e8z9v6.stackpathcdn.com/hotale/resort2/wp-content/plugins/wp-google-map-plugin/assets/images/arrow.png]
[a6e8z9v6.stackpathcdn.com/hotale/resort2/wp-content/plugins/tourmaster/images/preload-button.gif]
[a6e8z9v6.stackpathcdn.com/hotale/resort2/wp-content/plugins/tourmaster/room/checkout-button-bg.png]
[a6e8z9v6.stackpathcdn.com/hotale/resort2/wp-content/uploads/sites/6/2022/05/resort2-title-bg.jpg]
[a6e8z9v6.stackpathcdn.com/hotale/resort2/wp-content/cache/min/6/41c7c2b54ab381e839a88e74cf1527df.css]
[a6e8z9v6.stackpathcdn.com/hotale/resort2/wp-content/plugins/woocommerce/assets/css/woocommerce-smallscreen56be.css]
[demo.goodlayers.com/hotale/resort2/wp-admin/admin-ajax.html]
[demo.goodlayers.com/hotale/resort2/wp-content/plugins/woocommerce-payments/vendor/woocommerce/subscriptions-core/build/index0969.css]
[demo.goodlayers.com/hotale/resort2/wp-includes/css/dist/block-library/style.minae48.css]
[demo.goodlayers.com/hotale/resort2/wp-content/plugins/woocommerce/packages/woocommerce-blocks/build/wc-blocks-vendors-style519f.css]
[demo.goodlayers.com/hotale/resort2/wp-content/plugins/woocommerce/packages/woocommerce-blocks/build/wc-blocks-style519f.css]
[demo.goodlayers.com/hotale/resort2/wp-includes/css/classic-themes.minae48.css]
[demo.goodlayers.com/hotale/resort2/wp-content/plugins/contact-form-7/includes/css/stylescfaa.css]
[demo.goodlayers.com/hotale/resort2/wp-content/uploads/omgf/gdlr-core-google-font/gdlr-core-google-font6654.css]
[demo.goodlayers.com/hotale/resort2/wp-content/plugins/goodlayers-core/plugins/fontawesome/font-awesomeae48.css]
[demo.goodlayers.com/hotale/resort2/wp-content/plugins/goodlayers-core/plugins/fa5/fa5ae48.css]
[demo.goodlayers.com/hotale/resort2/wp-content/plugins/goodlayers-core/plugins/elegant/elegant-fontae48.css]
[demo.goodlayers.com/hotale/resort2/wp-content/plugins/goodlayers-core/plugins/ionicons/ioniconsae48.css]
[demo.goodlayers.com/hotale/resort2/wp-content/plugins/goodlayers-core/plugins/simpleline/simplelineae48.css]
[demo.goodlayers.com/hotale/resort2/wp-content/plugins/goodlayers-core/plugins/gdlr-custom-icon/gdlr-custom-iconae48.css]
[demo.goodlayers.com/hotale/resort2/wp-content/plugins/goodlayers-core/plugins/style00fc.css]
[demo.goodlayers.com/hotale/resort2/wp-content/plugins/goodlayers-core/include/css/page-builderae48.css]
[demo.goodlayers.com/hotale/resort2/wp-content/plugins/tourmaster/plugins/gdlr-travel/styleae48.css]
[demo.goodlayers.com/hotale/resort2/wp-content/plugins/tourmaster/tourmastereda1.css]
[demo.goodlayers.com/hotale/resort2/wp-content/uploads/sites/6/tourmaster-global-style-custom897d.css]
[demo.goodlayers.com/hotale/resort2/wp-content/plugins/woocommerce/assets/css/select256be.css]
[demo.goodlayers.com/hotale/resort2/wp-content/plugins/woocommerce/assets/css/woocommerce-layout56be.css]
[demo.goodlayers.com/hotale/resort2/wp-content/plugins/woocommerce/assets/css/woocommerce-smallscreen56be.css]
[demo.goodlayers.com/hotale/resort2/wp-content/plugins/woocommerce/assets/css/woocommerce56be.css]
[demo.goodlayers.com/hotale/resort2/wp-content/plugins/woocommerce-payments/vendor/woocommerce/subscriptions-core/assets/css/view-subscription0969.css]
[demo.goodlayers.com/hotale/resort2/wp-content/plugins/newsletter/style4c53.css]
[demo.goodlayers.com/hotale/resort2/wp-content/plugins/wp-google-map-plugin/assets/css/frontendae48.css]
[demo.goodlayers.com/hotale/resort2/wp-content/plugins/tourmaster/room/tourmaster-room8a54.css]
[demo.goodlayers.com/hotale/resort2/wp-content/uploads/sites/6/tourmaster-room-style-custom49b4.css]
[demo.goodlayers.com/hotale/resort2/wp-content/themes/hotale/css/style-coreae48.css]
[demo.goodlayers.com/hotale/resort2/wp-content/uploads/sites/6/hotale-style-custom40cc.css]
[demo.goodlayers.com/hotale/resort2/wp-content/themes/hotale-child/styleae48.css]
[demo.goodlayers.com/hotale/resort2/wp-includes/js/jquery/jquery.mina767.js]
[demo.goodlayers.com/hotale/resort2/wp-includes/js/jquery/jquery-migrate.min6b00.js]
[demo.goodlayers.com/hotale/resort2/wp-content/plugins/snazzy-maps/snazzymaps2fca.js]
[demo.goodlayers.com/hotale/resort2/wp-includes/js/zxcvbn-async.min5152.js]
[demo.goodlayers.com/hotale/resort2/wp-json/wp/v2/pages/9.json]
[demo.goodlayers.com/hotale/resort2/wp-includes/wlwmanifest.xml]
[demo.goodlayers.com/hotale/resort2/wp-json/oembed/1.0/embed16bf.json]
[demo.goodlayers.com/hotale/resort2/my-account/index.html]
[demo.goodlayers.com/hotale/resort2/wp-json/oembed/1.0/embed8009]
[demo.goodlayers.com/hotale/resort2/wp-content/uploads/sites/6/2022/05/resort2-logox1.png]
[demo.goodlayers.com/hotale/resort2/wp-content/uploads/sites/6/2022/05/resort2-logox2.png]
[demo.goodlayers.com/hotale/resort2/wp-content/uploads/sites/6/2022/05/resort2-logo.png]
[demo.goodlayers.com/hotale/resort2/wp-content/uploads/sites/6/2022/05/resort2-footer-bg-1.jpg]
[demo.goodlayers.com/hotale/resort2/my-account/lost-password/index1191.html]
[demo.goodlayers.com/hotale/resort2/wp-content/plugins/contact-form-7/includes/swv/js/indexcfaa.js]
[demo.goodlayers.com/hotale/resort2/my-account/lost-password/index84fe.html]
[demo.goodlayers.com/hotale/resort2/wp-content/plugins/contact-form-7/includes/js/indexcfaa.js]
[demo.goodlayers.com/hotale/resort2/wp-content/plugins/goodlayers-core/plugins/script00fc.js]
[demo.goodlayers.com/hotale/resort2/wp-content/plugins/goodlayers-core/include/js/page-builderd36b.js]
[demo.goodlayers.com/hotale/resort2/wp-includes/js/jquery/ui/core.min3f14.js]
[demo.goodlayers.com/hotale/resort2/wp-includes/js/jquery/ui/datepicker.min3f14.js]
[demo.goodlayers.com/hotale/resort2/wp-includes/js/jquery/ui/effect.min3f14.js]
[demo.goodlayers.com/hotale/resort2/wp-content/plugins/tourmaster/tourmasterae48.js]
[demo.goodlayers.com/hotale/resort2/wp-content/plugins/woocommerce/assets/js/jquery-blockui/jquery.blockUI.minb69f.js]
[demo.goodlayers.com/hotale/resort2/wp-content/plugins/woocommerce/assets/js/frontend/add-to-cart.min56be.js]
[demo.goodlayers.com/hotale/resort2/wp-content/plugins/woocommerce/assets/js/selectWoo/selectWoo.full.min4eb5.js]
[demo.goodlayers.com/hotale/resort2/wp-includes/js/dist/vendor/wp-polyfill-inert.min0226.js]
[demo.goodlayers.com/hotale/resort2/wp-includes/js/dist/vendor/regenerator-runtime.min8fa4.js]
[demo.goodlayers.com/hotale/resort2/wp-includes/js/dist/vendor/wp-polyfill.min2c7c.js]
[demo.goodlayers.com/hotale/resort2/wp-includes/js/dist/hooks.min6c65.js]
[demo.goodlayers.com/hotale/resort2/wp-includes/js/dist/i18n.mine57b.js]
[demo.goodlayers.com/hotale/resort2/wp-admin/js/password-strength-meter.minae48.js]
[demo.goodlayers.com/hotale/resort2/wp-content/plugins/woocommerce/assets/js/frontend/password-strength-meter.min56be.js]
[demo.goodlayers.com/hotale/resort2/wp-content/plugins/woocommerce/assets/js/js-cookie/js.cookie.min44bd.js]
[demo.goodlayers.com/hotale/resort2/wp-content/plugins/woocommerce/assets/js/frontend/woocommerce.min56be.js]
[demo.goodlayers.com/hotale/resort2/wp-content/plugins/woocommerce/assets/js/frontend/lost-password.min56be.js]
[demo.goodlayers.com/hotale/resort2/wp-content/plugins/woocommerce/assets/js/frontend/cart-fragments.min56be.js]
[demo.goodlayers.com/hotale/resort2/wp-content/plugins/woocommerce-paypal-payments/modules/ppcp-button/assets/js/button1c12.js]
[demo.goodlayers.com/hotale/resort2/wp-content/plugins/wp-google-map-plugin/assets/js/vendor/webfont/webfontae48.js]
[demo.goodlayers.com/hotale/resort2/wp-content/plugins/wp-google-map-plugin/assets/js/vendor/jscrollpane/jscrollpaneae48.js]
[demo.goodlayers.com/hotale/resort2/wp-content/plugins/wp-google-map-plugin/assets/js/vendor/accordion/accordionae48.js]
[demo.goodlayers.com/hotale/resort2/wp-content/plugins/wp-google-map-plugin/assets/js/vendor/markerclustererplus/markerclustererplusae48.js]
[demo.goodlayers.com/hotale/resort2/wp-content/plugins/wp-google-map-plugin/assets/js/mapsae48.js]
[demo.goodlayers.com/hotale/resort2/wp-includes/js/imagesloaded.mineda1.js]
[demo.goodlayers.com/hotale/resort2/wp-includes/js/masonry.min3a05.js]
[demo.goodlayers.com/hotale/resort2/wp-includes/js/jquery/jquery.masonry.minef70.js]
[demo.goodlayers.com/hotale/resort2/wp-content/plugins/wp-google-map-plugin/assets/js/frontendae48.js]
[demo.goodlayers.com/hotale/resort2/wp-content/plugins/wp-google-map-plugin/assets/js/vendor/infobox/infoboxae48.js]
[demo.goodlayers.com/hotale/resort2/wp-content/plugins/tourmaster/room/tourmaster-roomae48.js]
[demo.goodlayers.com/hotale/resort2/wp-content/themes/hotale/js/jquery.mmenu8a54.js]
[demo.goodlayers.com/hotale/resort2/wp-content/themes/hotale/js/jquery.superfish8a54.js]
[demo.goodlayers.com/hotale/resort2/my-account/lost-password/index1ee4.html]
[demo.goodlayers.com/hotale/resort2/wp-content/themes/hotale/js/script-core8a54.js]
[demo.goodlayers.com/hotale/resort2/wp-json/wp/v2/pages/15418.json]
[demo.goodlayers.com/hotale/resort2/wp-json/oembed/1.0/embedc190.json]
[demo.goodlayers.com/hotale/resort2/wp-json/oembed/1.0/embedd161]
[demo.goodlayers.com/hotale/resort2/register/index.html]
[a6e8z9v6.stackpathcdn.com/hotale/resort2/wp-content/cache/min/6/8390af7da7a926d7ae27fce9b4be9ce9.js]
[demo.goodlayers.com/hotale/resort2/register/index4236.html]
[demo.goodlayers.com/hotale/resort2/register/index5e60.html]
[demo.goodlayers.com/hotale/resort2/wp-json/wp/v2/pages/15417.json]
[demo.goodlayers.com/hotale/resort2/wp-json/oembed/1.0/embeddb92.json]
[demo.goodlayers.com/hotale/resort2/login/index.html]
[demo.goodlayers.com/hotale/resort2/wp-json/oembed/1.0/embed5546]
[demo.goodlayers.com/hotale/resort2/login/index4236.html]
[demo.goodlayers.com/hotale/resort2/login/index5e60.html]
[demo.goodlayers.com/hotale/resort2/wp-json/wp/v2/pages/15427.json]
[demo.goodlayers.com/hotale/resort2/wp-json/oembed/1.0/embed063b.json]
[demo.goodlayers.com/hotale/resort2/wp-json/oembed/1.0/embed2953]
[a6e8z9v6.stackpathcdn.com/hotale/resort2/wp-content/uploads/sites/6/2021/12/white-bg.png]
[a6e8z9v6.stackpathcdn.com/hotale/resort2/wp-content/uploads/sites/6/2021/12/grey-color.jpg]
[a6e8z9v6.stackpathcdn.com/hotale/resort2/wp-content/uploads/sites/6/2021/11/chef-cook.jpg]
[a6e8z9v6.stackpathcdn.com/hotale/resort2/wp-content/uploads/sites/6/2021/11/bar.jpg]
[a6e8z9v6.stackpathcdn.com/hotale/resort2/wp-content/uploads/sites/6/2021/11/spa.jpg]
[a6e8z9v6.stackpathcdn.com/hotale/resort2/wp-content/uploads/sites/6/2022/01/shutterstock_783346942.jpg]
[demo.goodlayers.com/hotale/resort2/about-us/index.html]
[demo.goodlayers.com/hotale/resort2/about-us/index5e60.html]
[demo.goodlayers.com/hotale/resort2/about-us/index4236.html]
[demo.goodlayers.com/hotale/resort2/wp-json/wp/v2/pages/15435.json]
[demo.goodlayers.com/hotale/resort2/wp-json/oembed/1.0/embeddad2.json]
[demo.goodlayers.com/hotale/resort2/wp-json/oembed/1.0/embedc342]
[a6e8z9v6.stackpathcdn.com/hotale/resort2/wp-content/uploads/sites/6/2022/01/about-2-icon-1.png]
[a6e8z9v6.stackpathcdn.com/hotale/resort2/wp-content/uploads/sites/6/2022/01/about-2-icon-2.png]
[a6e8z9v6.stackpathcdn.com/hotale/resort2/wp-content/uploads/sites/6/2022/01/about-2-icon-3.png]
[a6e8z9v6.stackpathcdn.com/hotale/resort2/wp-content/uploads/sites/6/2022/01/about-2-icon-4.png]
[a6e8z9v6.stackpathcdn.com/hotale/resort2/wp-content/uploads/sites/6/2022/01/about-2-icon-5.png]
[demo.goodlayers.com/hotale/resort2/about-us-2/index4236.html]
[demo.goodlayers.com/hotale/resort2/about-us-2/index5e60.html]
[a6e8z9v6.stackpathcdn.com/hotale/resort2/wp-content/uploads/sites/6/2022/01/about-2-icon-6-1.png]
[a6e8z9v6.stackpathcdn.com/hotale/resort2/wp-content/uploads/sites/6/2022/01/about-2-about-bg.png]
[a6e8z9v6.stackpathcdn.com/hotale/resort2/wp-content/uploads/sites/6/2022/05/about-2-right.jpg]
[a6e8z9v6.stackpathcdn.com/hotale/resort2/wp-content/uploads/sites/6/2021/12/bg-testimonail.jpg]
[a6e8z9v6.stackpathcdn.com/hotale/resort2/wp-content/uploads/sites/6/2021/12/customer1-150x150.jpg]
[a6e8z9v6.stackpathcdn.com/hotale/resort2/wp-content/uploads/sites/6/2021/12/customer03-150x150.jpg]
[a6e8z9v6.stackpathcdn.com/hotale/resort2/wp-content/uploads/sites/6/2021/12/customer02-150x150.jpg]
[demo.goodlayers.com/hotale/resort2/about-us-2/index.html]
[demo.goodlayers.com/hotale/resort2/wp-json/wp/v2/pages/15382.json]
[demo.goodlayers.com/hotale/resort2/wp-json/oembed/1.0/embed1bba.json]
[demo.goodlayers.com/hotale/resort2/wp-json/oembed/1.0/embed9464]
[a6e8z9v6.stackpathcdn.com/hotale/resort2/wp-content/uploads/sites/6/2022/01/about-icon-1-2.png]
[a6e8z9v6.stackpathcdn.com/hotale/resort2/wp-content/uploads/sites/6/2022/01/about-icon-2.png]
[demo.goodlayers.com/hotale/resort2/about-us-3/index5e60.html]
[a6e8z9v6.stackpathcdn.com/hotale/resort2/wp-content/uploads/sites/6/2022/01/about-icon-3.png]
[demo.goodlayers.com/hotale/resort2/about-us-3/index4236.html]
[a6e8z9v6.stackpathcdn.com/hotale/resort2/wp-content/uploads/sites/6/2022/01/about-skill-bg.png]
[a6e8z9v6.stackpathcdn.com/hotale/resort2/wp-content/uploads/sites/6/2022/01/about-room-bg-1.png]
[a6e8z9v6.stackpathcdn.com/hotale/resort2/wp-content/uploads/sites/6/2022/01/apartment-col-1-1.jpg]
[a6e8z9v6.stackpathcdn.com/hotale/resort2/wp-content/uploads/sites/6/2022/01/shutterstock_1358782787.jpg]
[a6e8z9v6.stackpathcdn.com/hotale/resort2/wp-content/uploads/sites/6/2021/12/bg-testimonail-1.jpg]
[a6e8z9v6.stackpathcdn.com/hotale/resort2/wp-content/uploads/sites/6/2021/12/name1-150x150.jpg]
[a6e8z9v6.stackpathcdn.com/hotale/resort2/wp-content/uploads/sites/6/2021/12/name7-150x150.jpg]
[a6e8z9v6.stackpathcdn.com/hotale/resort2/wp-content/uploads/sites/6/2021/12/name2-150x150.jpg]
[a6e8z9v6.stackpathcdn.com/hotale/resort2/wp-content/uploads/sites/6/2021/12/name5-150x150.jpg]
[a6e8z9v6.stackpathcdn.com/hotale/resort2/wp-content/uploads/sites/6/2021/12/name6-150x150.jpg]
[demo.goodlayers.com/hotale/resort2/about-us-3/index.html]
[demo.goodlayers.com/hotale/resort2/wp-json/wp/v2/pages/15437.json]
[demo.goodlayers.com/hotale/resort2/wp-json/oembed/1.0/embedb1a0.json]
[demo.goodlayers.com/hotale/resort2/wp-json/oembed/1.0/embedb84d]
[a6e8z9v6.stackpathcdn.com/hotale/resort2/wp-content/uploads/sites/6/2022/05/resort2-title-bg-2.jpg]
[demo.goodlayers.com/hotale/resort2/our-team/index5e60.html]
[demo.goodlayers.com/hotale/resort2/our-team/index4236.html]
[a6e8z9v6.stackpathcdn.com/hotale/resort2/wp-content/uploads/sites/6/2021/02/personnel-1-600x600.jpg]
[demo.goodlayers.com/hotale/resort2/personnel/jane-smith/index.html]
[demo.goodlayers.com/hotale/resort2/personnel/paul-smith/index.html]
[a6e8z9v6.stackpathcdn.com/hotale/resort2/wp-content/uploads/sites/6/2021/02/personnel-2-600x600.jpg]
[demo.goodlayers.com/hotale/resort2/personnel/alisa-doe/index.html]
[a6e8z9v6.stackpathcdn.com/hotale/resort2/wp-content/uploads/sites/6/2021/02/personnel-3-600x600.jpg]
[demo.goodlayers.com/hotale/resort2/personnel/saul-goodman/index.html]
[a6e8z9v6.stackpathcdn.com/hotale/resort2/wp-content/uploads/sites/6/2021/02/personnel-4-600x600.jpg]
[demo.goodlayers.com/hotale/resort2/personnel/david-wick/index.html]
[a6e8z9v6.stackpathcdn.com/hotale/resort2/wp-content/uploads/sites/6/2021/02/personnel-5-600x600.jpg]
[demo.goodlayers.com/hotale/resort2/personnel/john-doe/index.html]
[a6e8z9v6.stackpathcdn.com/hotale/resort2/wp-content/uploads/sites/6/2021/02/personnel-6-600x600.jpg]
[demo.goodlayers.com/hotale/resort2/our-team/index.html]
[demo.goodlayers.com/hotale/resort2/wp-json/wp/v2/pages/15396.json]
[demo.goodlayers.com/hotale/resort2/wp-json/oembed/1.0/embed7765.json]
[demo.goodlayers.com/hotale/resort2/wp-json/oembed/1.0/embed2fd9]
[demo.goodlayers.com/hotale/resort2/hotel-review/index5e60.html]
[a6e8z9v6.stackpathcdn.com/hotale/resort2/wp-content/uploads/sites/6/2021/12/shutterstock_1386982532.jpg]
[demo.goodlayers.com/hotale/resort2/hotel-review/index4236.html]
[a6e8z9v6.stackpathcdn.com/hotale/resort2/wp-content/uploads/sites/6/2022/01/review-quote-bg-2.png]
[a6e8z9v6.stackpathcdn.com/hotale/resort2/wp-content/uploads/sites/6/2022/01/review-video-bg-1.png]
[a6e8z9v6.stackpathcdn.com/hotale/resort2/wp-content/uploads/sites/6/2022/01/review-video-player-bg.jpg]
[a6e8z9v6.stackpathcdn.com/hotale/resort2/wp-content/uploads/sites/6/2021/12/play.png]
[demo.goodlayers.com/hotale/resort2/hotel-review/index.html]
[demo.goodlayers.com/hotale/resort2/wp-json/wp/v2/pages/589.json]
[demo.goodlayers.com/hotale/resort2/wp-json/oembed/1.0/embed55d9.json]
[demo.goodlayers.com/hotale/resort2/wp-json/oembed/1.0/embed581c]
[a6e8z9v6.stackpathcdn.com/hotale/resort2/wp-content/uploads/sites/6/2021/02/personnel-1.jpg]
[demo.goodlayers.com/hotale/resort2/team-frame-style/index4236.html]
[demo.goodlayers.com/hotale/resort2/team-frame-style/index5e60.html]
[a6e8z9v6.stackpathcdn.com/hotale/resort2/wp-content/uploads/sites/6/2021/02/personnel-2.jpg]
[a6e8z9v6.stackpathcdn.com/hotale/resort2/wp-content/uploads/sites/6/2021/02/personnel-3.jpg]
[a6e8z9v6.stackpathcdn.com/hotale/resort2/wp-content/uploads/sites/6/2021/02/personnel-4.jpg]
[a6e8z9v6.stackpathcdn.com/hotale/resort2/wp-content/uploads/sites/6/2021/02/personnel-5.jpg]
[a6e8z9v6.stackpathcdn.com/hotale/resort2/wp-content/uploads/sites/6/2021/02/personnel-6.jpg]
[a6e8z9v6.stackpathcdn.com/hotale/resort2/wp-content/uploads/sites/6/2022/02/page-title-bg-2.jpg]
[a6e8z9v6.stackpathcdn.com/hotale/resort2/wp-content/uploads/sites/6/2022/01/resort-title-bg.jpg]
[demo.goodlayers.com/hotale/resort2/team-frame-style/index.html]
[demo.goodlayers.com/hotale/resort2/wp-json/wp/v2/pages/413.json]
[demo.goodlayers.com/hotale/resort2/wp-json/oembed/1.0/embedf379.json]
[demo.goodlayers.com/hotale/resort2/team-plain-style/index.html]
[demo.goodlayers.com/hotale/resort2/wp-json/oembed/1.0/embedfe86]
[demo.goodlayers.com/hotale/resort2/team-plain-style/index4236.html]
[demo.goodlayers.com/hotale/resort2/team-plain-style/index5e60.html]
[demo.goodlayers.com/hotale/resort2/wp-json/wp/v2/pages/599.json]
[demo.goodlayers.com/hotale/resort2/wp-json/oembed/1.0/embedd383.json]
[demo.goodlayers.com/hotale/resort2/wp-json/oembed/1.0/embed03ea]
[demo.goodlayers.com/hotale/resort2/team-thumbnail-style/index5e60.html]
[a6e8z9v6.stackpathcdn.com/hotale/resort2/wp-content/uploads/sites/6/2021/02/personnel-1-800x768.html]
[demo.goodlayers.com/hotale/resort2/team-thumbnail-style/index.html]
[demo.goodlayers.com/hotale/resort2/accordions-toggles/index.html]
